05-25 22:29:09.189 D/resolv  (  352): res_nmkquery: (QUERY, IN, A)
05-25 22:29:09.189 D/resolv  (  352): res_nsend
05-25 22:29:09.189 D/resolv  (  352): res_nmkquery: (QUERY, IN, AAAA)
05-25 22:29:09.190 I/resolv  (  352): resolv_cache_lookup: lookup
05-25 22:29:09.190 I/resolv  (  352): resolv_cache_lookup: NOT IN CACHE (STALE ENTRY 0x78c08650f0b0DISCARDED)
05-25 22:29:09.190 I/resolv  (  352): _cache_remove_p: entry 89 removed (count=51)
05-25 22:29:09.190 I/resolv  (  352): resolv_populate_res_for_net: netid=100
05-25 22:29:09.190 D/resolv  (  352): res_nsend
05-25 22:29:09.190 I/resolv  (  352): resolv_cache_lookup: lookup
05-25 22:29:09.190 I/resolv  (  352): resolv_cache_lookup: NOT IN CACHE (STALE ENTRY 0x78c08650e690DISCARDED)
05-25 22:29:09.190 I/resolv  (  352): _cache_remove_p: entry 88 removed (count=50)
05-25 22:29:09.191 I/resolv  (  352): resolv_populate_res_for_net: netid=100
05-25 22:29:09.191 I/resolv  (  352): res_stats_usable_server: NS stats: S 0 + E 0 + T 20 + I 0 = 20, rtt = -1, min_samples = 8
05-25 22:29:09.191 I/resolv  (  352): res_stats_usable_server: success rate 0
05-25 22:29:09.191 I/resolv  (  352): res_stats_usable_server: too many resolution errors, ignoring server
05-25 22:29:09.191 I/resolv  (  352): res_stats_usable_server: NS stats: S 64 + E 0 + T 0 + I 0 = 64, rtt = 298, min_samples = 8
05-25 22:29:09.192 I/resolv  (  352): res_stats_usable_server: success rate 100
05-25 22:29:09.192 D/resolv  (  352): res_nsend: Querying server (# 2) address = 10.0.2.3:53
05-25 22:29:09.192 D/resolv  (  352): send_dg: new DG socket
05-25 22:29:09.192 I/resolv  (  352): get_timeout: using timeout of 5000 msec
05-25 22:29:09.193 I/resolv  (  352): retrying_poll: 55 retrying_poll
05-25 22:29:09.193 I/resolv  (  352): res_stats_usable_server: NS stats: S 0 + E 0 + T 20 + I 0 = 20, rtt = -1, min_samples = 8
05-25 22:29:09.193 I/resolv  (  352): res_stats_usable_server: success rate 0
05-25 22:29:09.193 I/resolv  (  352): res_stats_usable_server: too many resolution errors, ignoring server
05-25 22:29:09.193 I/resolv  (  352): res_stats_usable_server: NS stats: S 64 + E 0 + T 0 + I 0 = 64, rtt = 298, min_samples = 8
05-25 22:29:09.193 I/resolv  (  352): res_stats_usable_server: success rate 100
05-25 22:29:09.193 D/resolv  (  352): res_nsend: Querying server (# 2) address = 10.0.2.3:53
05-25 22:29:09.193 D/resolv  (  352): send_dg: new DG socket
05-25 22:29:09.193 I/resolv  (  352): get_timeout: using timeout of 5000 msec
05-25 22:29:09.194 I/resolv  (  352): retrying_poll: 56 retrying_poll
05-25 22:29:09.619 I/resolv  (  352): retrying_poll: 56 retrying_poll returning 1
05-25 22:29:09.619 I/resolv  (  352): res_nsend: used send_dg 104 terrno: 0
05-25 22:29:09.619 I/resolv  (  352): retrying_poll: 55 retrying_poll returning 1
05-25 22:29:09.619 I/resolv  (  352): res_stats_set_sample: rcode = 0, sec = 425
05-25 22:29:09.619 I/resolv  (  352): res_nsend: used send_dg 152 terrno: 0
05-25 22:29:09.619 I/resolv  (  352): res_cache_add_stats_sample_locked: adding sample to stats, next = 35, count = 64
05-25 22:29:09.619 I/resolv  (  352): res_stats_set_sample: rcode = 0, sec = 426
05-25 22:29:09.619 D/resolv  (  352): res_nsend: got answer:
05-25 22:29:09.620 I/resolv  (  352): res_cache_add_stats_sample_locked: adding sample to stats, next = 36, count = 64
05-25 22:29:09.620 D/resolv  (  352): res_nsend: got answer:
05-25 22:29:09.620 I/resolv  (  352): answer_getTTL: TTL = 83
05-25 22:29:09.620 I/resolv  (  352): _cache_add_p: entry 104 added (count=51)
05-25 22:29:09.620 I/resolv  (  352): cache_dump_mru_locked: MRU LIST (51):  104 103 102 101 100 98 96 97 99 95 94 93 92 91 90 75 74 69 68 61 60 56 55 5 6 14 13 54 53 47 46 21 22 17 18 40 39 38 37 36 35 34 33 32 31 28 27 16 15 2 1
05-25 22:29:09.620 D/resolv  (  352): doQuery: rcode=0, ancount=4
05-25 22:29:09.620 I/resolv  (  352): answer_getTTL: TTL = 170
05-25 22:29:09.620 I/resolv  (  352): _cache_add_p: entry 105 added (count=52)
05-25 22:29:09.620 I/resolv  (  352): cache_dump_mru_locked: MRU LIST (52):  105 104 103 102 101 100 98 96 97 99 95 94 93 92 91 90 75 74 69 68 61 60 56 55 5 6 14 13 54 53 47 46 21 22 17 18 40 39 38 37 36 35 34 33 32 31 28 27 16 15 2 1
05-25 22:29:09.620 D/resolv  (  352): doQuery: rcode=0, ancount=4
05-25 22:29:09.636 W/Conscrypt( 5698): Could not set socket write timeout: java.net.SocketException: Socket closed
05-25 22:29:09.638 W/Conscrypt( 5698): 	at com.google.android.gms.org.conscrypt.Platform.setSocketWriteTimeout(:com.google.android.gms@225014047@22.50.14 (190800-499278674):2)
05-25 22:29:09.638 W/Conscrypt( 5698): 	at com.google.android.gms.org.conscrypt.ConscryptFileDescriptorSocket.setSoWriteTimeout(:com.google.android.gms@225014047@22.50.14 (190800-499278674):0)
05-25 22:29:09.688 I/MediaProvider( 1575): Begin Intent { act=android.intent.action.MEDIA_SCANNER_SCAN_FILE dat=file:///sdcard/screen.png flg=0x1400010 cmp=com.google.android.providers.media.module/com.android.providers.media.MediaService }
05-25 22:29:09.717 W/FuseDaemon( 1575): Reducing the number of considered missed Gc histogram windows from 263 to 100
05-25 22:29:09.721 I/MediaProvider( 1575): End Intent { act=android.intent.action.MEDIA_SCANNER_SCAN_FILE dat=file:///sdcard/screen.png flg=0x1400010 cmp=com.google.android.providers.media.module/com.android.providers.media.MediaService }
05-25 22:29:09.733 I/NetworkScheduler.Stats( 5698): Task com.google.android.gms/com.google.android.gms.ipa.base.IpaGcmTaskService started execution. cause:9 exec_start_elapsed_seconds: 2726 [CONTEXT service_id=218 ]
05-25 22:29:09.749 I/NetworkScheduler.Stats( 5698): Task com.google.android.gms/com.google.android.gms.ipa.base.IpaGcmTaskService finished executing. cause:9 result: 1 elapsed_millis: 11 uptime_millis: 11 exec_start_elapsed_seconds: 2726 [CONTEXT service_id=218 ]
05-25 22:29:09.749 I/wpa_supplicant(  828): wlan0: CTRL-EVENT-BEACON-LOSS 
05-25 22:29:09.811 I/MediaProvider( 1575): Deleted 0 1 0 0 0 0 0 items on external_primary due to com.android.shell
05-25 22:29:09.837 I/NetworkScheduler.Stats( 5698): Task com.google.android.gms/com.google.android.gms.ipa.base.IpaGcmTaskService started execution. cause:9 exec_start_elapsed_seconds: 2726 [CONTEXT service_id=218 ]
05-25 22:29:09.841 I/NetworkScheduler.Stats( 5698): Task com.google.android.gms/com.google.android.gms.ipa.base.IpaGcmTaskService finished executing. cause:9 result: 1 elapsed_millis: 9 uptime_millis: 9 exec_start_elapsed_seconds: 2726 [CONTEXT service_id=218 ]
05-25 22:29:10.109 W/Conscrypt( 5698): Could not set socket write timeout: java.net.SocketException: Socket closed
05-25 22:29:10.109 W/Conscrypt( 5698): 	at com.google.android.gms.org.conscrypt.Platform.setSocketWriteTimeout(:com.google.android.gms@225014047@22.50.14 (190800-499278674):2)
05-25 22:29:10.109 W/Conscrypt( 5698): 	at com.google.android.gms.org.conscrypt.ConscryptFileDescriptorSocket.setSoWriteTimeout(:com.google.android.gms@225014047@22.50.14 (190800-499278674):0)
05-25 22:29:10.161 W/GLSUser ( 5698): [AppCertManager] Exception while requesting key: 
05-25 22:29:10.161 W/GLSUser ( 5698): java.io.IOException: Invalid device key response.
05-25 22:29:10.161 W/GLSUser ( 5698): 	at nnx.b(:com.google.android.gms@225014047@22.50.14 (190800-499278674):41)
05-25 22:29:10.161 W/GLSUser ( 5698): 	at nnv.b(:com.google.android.gms@225014047@22.50.14 (190800-499278674):2)
05-25 22:29:10.161 W/GLSUser ( 5698): 	at nnq.a(:com.google.android.gms@225014047@22.50.14 (190800-499278674):0)
05-25 22:29:10.161 W/GLSUser ( 5698): 	at nnt.a(:com.google.android.gms@225014047@22.50.14 (190800-499278674):5)
05-25 22:29:10.161 W/GLSUser ( 5698): 	at ldq.call(:com.google.android.gms@225014047@22.50.14 (190800-499278674):13)
05-25 22:29:10.161 W/GLSUser ( 5698): 	at java.util.concurrent.FutureTask.run(FutureTask.java:266)
05-25 22:29:10.161 W/GLSUser ( 5698): 	at aalr.c(:com.google.android.gms@225014047@22.50.14 (190800-499278674):6)
05-25 22:29:10.161 W/GLSUser ( 5698): 	at aalr.run(:com.google.android.gms@225014047@22.50.14 (190800-499278674):7)
05-25 22:29:10.161 W/GLSUser ( 5698): 	at java.util.concurrent.ThreadPoolExecutor.runWorker(ThreadPoolExecutor.java:1167)
05-25 22:29:10.161 W/GLSUser ( 5698): 	at java.util.concurrent.ThreadPoolExecutor$Worker.run(ThreadPoolExecutor.java:641)
05-25 22:29:10.161 W/GLSUser ( 5698): 	at aaqv.run(:com.google.android.gms@225014047@22.50.14 (190800-499278674):0)
05-25 22:29:10.161 W/GLSUser ( 5698): 	at java.lang.Thread.run(Thread.java:920)
05-25 22:29:10.165 I/NetworkScheduler.Stats( 5698): Task com.google.android.gms/com.google.android.gms.auth.account.be.legacy.AuthCronService finished executing. cause:9 result: 3 elapsed_millis: 1096 uptime_millis: 1096 exec_start_elapsed_seconds: 2726 [CONTEXT service_id=218 ]
05-25 22:29:17.936 I/wpa_supplicant(  828): wlan0: CTRL-EVENT-BEACON-LOSS 
05-25 22:29:19.204 W/id.gms.unstabl( 6616): Reducing the number of considered missed Gc histogram windows from 106 to 100
05-25 22:29:20.049 W/UriGrantsManagerService(  572): No permission grants found for com.google.android.apps.photos
05-25 22:29:20.050 W/UriGrantsManagerService(  572): No permission grants found for com.google.android.apps.photos
05-25 22:29:20.059 D/CompatibilityChangeReporter(  572): Compat change id reported: 149924527; UID 10117; state: ENABLED
05-25 22:29:20.059 D/CompatibilityChangeReporter(  572): Compat change id reported: 132649864; UID 10117; state: DISABLED
05-25 22:29:20.059 D/CompatibilityChangeReporter(  572): Compat change id reported: 182734110; UID 10117; state: ENABLED
05-25 22:29:20.072 W/oid.apps.photo( 5426): Reducing the number of considered missed Gc histogram windows from 260 to 100
05-25 22:29:20.102 W/UriGrantsManagerService(  572): No permission grants found for com.google.android.apps.photos
05-25 22:29:20.102 W/UriGrantsManagerService(  572): No permission grants found for com.google.android.apps.photos
05-25 22:29:20.155 W/UriGrantsManagerService(  572): No permission grants found for com.google.android.apps.photos
05-25 22:29:20.155 W/UriGrantsManagerService(  572): No permission grants found for com.google.android.apps.photos
05-25 22:29:25.872 I/wpa_supplicant(  828): wlan0: CTRL-EVENT-BEACON-LOSS 
05-25 22:29:30.367 D/EGL_emulation(  854): app_time_stats: avg=30349.40ms min=30349.40ms max=30349.40ms count=1
05-25 22:29:33.808 I/wpa_supplicant(  828): wlan0: CTRL-EVENT-BEACON-LOSS 
05-25 22:29:39.094 I/GmscoreIpa( 5768): Starting mediastore instant index [CONTEXT service_id=255 ]
05-25 22:29:39.106 D/CompatibilityChangeReporter(  572): Compat change id reported: 149924527; UID 10101; state: ENABLED
05-25 22:29:39.106 D/CompatibilityChangeReporter(  572): Compat change id reported: 132649864; UID 10101; state: DISABLED
05-25 22:29:39.107 D/CompatibilityChangeReporter(  572): Compat change id reported: 182734110; UID 10101; state: ENABLED
05-25 22:29:41.744 I/wpa_supplicant(  828): wlan0: CTRL-EVENT-BEACON-LOSS 
05-25 22:29:46.655 W/InputManager-JNI(  572): Input channel object 'cceeeb0 PopupWindow:aa41491 (client)' was disposed without first being removed with the input manager!
05-25 22:29:49.680 I/wpa_supplicant(  828): wlan0: CTRL-EVENT-BEACON-LOSS 
05-25 22:29:57.872 I/wpa_supplicant(  828): wlan0: CTRL-EVENT-BEACON-LOSS 
05-25 22:30:00.020 D/EGL_emulation(  854): app_time_stats: avg=29652.08ms min=29652.08ms max=29652.08ms count=1
05-25 22:30:05.808 I/wpa_supplicant(  828): wlan0: CTRL-EVENT-BEACON-LOSS 
05-25 22:30:05.913 D/WifiNl80211Manager(  572): Scan result ready event
05-25 22:30:05.913 D/WifiNative(  572): Scan result ready event
05-25 22:30:09.543 E/android.hardware.power.stats@1.0-service-mock(  385): Failed to getEnergyData
05-25 22:30:10.366 D/EGL_emulation(  854): app_time_stats: avg=10346.53ms min=10346.53ms max=10346.53ms count=1
05-25 22:30:13.745 I/wpa_supplicant(  828): wlan0: CTRL-EVENT-BEACON-LOSS 
05-25 22:30:21.680 I/wpa_supplicant(  828): wlan0: CTRL-EVENT-BEACON-LOSS 
05-25 22:30:25.876 I/logd    (    0): logdr: UID=2000 GID=2000 PID=7632 n tail=0 logMask=99 pid=0 start=0ns deadline=0ns
